[debug] [2026-05-07T09:56:10.637Z] ----------------------------------------------------------------------
[debug] [2026-05-07T09:56:10.641Z] Command:       C:\Program Files\nodejs\node.exe C:\Users\Admin\AppData\Roaming\npm\node_modules\firebase-tools\lib\bin\firebase.js init hosting
[debug] [2026-05-07T09:56:10.642Z] CLI Version:   15.11.0
[debug] [2026-05-07T09:56:10.642Z] Platform:      win32
[debug] [2026-05-07T09:56:10.642Z] Node Version:  v22.17.0
[debug] [2026-05-07T09:56:10.642Z] Time:          Thu May 07 2026 17:56:10 GMT+0800 (China Standard Time)
[debug] [2026-05-07T09:56:10.643Z] ----------------------------------------------------------------------
[debug] 
[debug] [2026-05-07T09:56:10.646Z] >>> [apiv2][query] GET https://firebase-public.firebaseio.com/cli.json [none]
[info] 
     ######## #### ########  ######## ########     ###     ######  ########
     ##        ##  ##     ## ##       ##     ##  ##   ##  ##       ##
     ######    ##  ########  ######   ########  #########  ######  ######
     ##        ##  ##    ##  ##       ##     ## ##     ##       ## ##
     ##       #### ##     ## ######## ########  ##     ##  ######  ########

You're about to initialize a Firebase project in this directory:

  C:\Users\Admin\Desktop\Ohannah\0hannahCabin

Before we get started, keep in mind:

  * You are initializing within an existing Firebase project directory

[debug] [2026-05-07T09:56:18.312Z] <<< [apiv2][status] GET https://firebase-public.firebaseio.com/cli.json 200
[debug] [2026-05-07T09:56:18.312Z] <<< [apiv2][body] GET https://firebase-public.firebaseio.com/cli.json {"cloudBuildErrorAfter":1594252800000,"cloudBuildWarnAfter":1590019200000,"defaultNode10After":1594252800000,"minVersion":"3.0.5","node8DeploysDisabledAfter":1613390400000,"node8RuntimeDisabledAfter":1615809600000,"node8WarnAfter":1600128000000}
[info] 
=== Project Setup
[info] 
[info] First, let's associate this project directory with a Firebase project.
[info] You can create multiple project aliases by running firebase use --add, 
[info] 
[debug] [2026-05-07T09:57:39.120Z] > command requires scopes: ["email","openid","https://www.googleapis.com/auth/cloudplatformprojects.readonly","https://www.googleapis.com/auth/firebase","https://www.googleapis.com/auth/cloud-platform"]
[debug] [2026-05-07T09:57:39.121Z] > authorizing via signed-in user (ohannahresort@gmail.com)
[debug] [2026-05-07T09:57:39.122Z] Checked if tokens are valid: false, expires at: 1776933863318
[debug] [2026-05-07T09:57:39.123Z] Checked if tokens are valid: false, expires at: 1776933863318
[debug] [2026-05-07T09:57:39.123Z] > refreshing access token with scopes: []
[debug] [2026-05-07T09:57:39.126Z] >>> [apiv2][query] POST https://www.googleapis.com/oauth2/v3/token [none]
[debug] [2026-05-07T09:57:39.126Z] >>> [apiv2][body] POST https://www.googleapis.com/oauth2/v3/token [omitted]
[debug] [2026-05-07T09:57:39.351Z] <<< [apiv2][status] POST https://www.googleapis.com/oauth2/v3/token 200
[debug] [2026-05-07T09:57:39.351Z] <<< [apiv2][body] POST https://www.googleapis.com/oauth2/v3/token [omitted]
[debug] [2026-05-07T09:57:39.370Z] >>> [apiv2][query] GET https://firebase.googleapis.com/v1beta1/projects/ohannah-cabin [none]
[debug] [2026-05-07T09:57:39.836Z] <<< [apiv2][status] GET https://firebase.googleapis.com/v1beta1/projects/ohannah-cabin 200
[debug] [2026-05-07T09:57:39.836Z] <<< [apiv2][body] GET https://firebase.googleapis.com/v1beta1/projects/ohannah-cabin {"projectId":"ohannah-cabin","projectNumber":"1086043592067","displayName":"ohannah-cabin","name":"projects/ohannah-cabin","resources":{"hostingSite":"ohannah-cabin"},"state":"ACTIVE","etag":"1_0000ee7c-0cc9-46f3-ae47-b46077cd4963"}
[info] i  Using project ohannah-cabin (ohannah-cabin) . 
[info] 
=== Hosting Setup
[debug] [2026-05-07T09:58:07.967Z] Checked if tokens are valid: true, expires at: 1778151458352
[debug] [2026-05-07T09:58:07.967Z] Checked if tokens are valid: true, expires at: 1778151458352
[debug] [2026-05-07T09:58:07.967Z] >>> [apiv2][query] GET https://firebase.googleapis.com/v1beta1/projects/ohannah-cabin [none]
[debug] [2026-05-07T09:58:08.397Z] <<< [apiv2][status] GET https://firebase.googleapis.com/v1beta1/projects/ohannah-cabin 200
[debug] [2026-05-07T09:58:08.398Z] <<< [apiv2][body] GET https://firebase.googleapis.com/v1beta1/projects/ohannah-cabin {"projectId":"ohannah-cabin","projectNumber":"1086043592067","displayName":"ohannah-cabin","name":"projects/ohannah-cabin","resources":{"hostingSite":"ohannah-cabin"},"state":"ACTIVE","etag":"1_0000ee7c-0cc9-46f3-ae47-b46077cd4963"}
[info] 
[info] Your public directory is the folder (relative to your project directory) that
[info] will contain Hosting assets to be uploaded with firebase deploy. If you
[info] have a build process for your assets, use your build's output directory.
[info] 
